Traceback (most recent call last):
  File "D:\Python Annotation Creator\Hyperlinking Annotation Creator.py", line 84, in <module>
    phrase_pattern = re.sub(r'[\s\[\],]', r'[\s\[\],-]*', re.escape(phrase))
                     ^^^^^^^^^^^^^^^^^^^^^^^^^^^^^^^^^^^^^^^^^^^^^^^^^^^^^^^
  File "C:\Program Files\Python312\Lib\re\__init__.py", line 186, in sub
    return _compile(pattern, flags).sub(repl, string, count)
           ^^^^^^^^^^^^^^^^^^^^^^^^^^^^^^^^^^^^^^^^^^^^^^^^^
  File "C:\Program Files\Python312\Lib\re\__init__.py", line 334, in _compile_template
    return _sre.template(pattern, _parser.parse_template(repl, pattern))
                                  ^^^^^^^^^^^^^^^^^^^^^^^^^^^^^^^^^^^^^
  File "C:\Program Files\Python312\Lib\re\_parser.py", line 1068, in parse_template
    raise s.error('bad escape %s' % this, len(this)) from None
re.error: bad escape \s at position 1